<html>
<body>
<pre>
<h1>µVision Build Log</h1>
<h2>Tool Versions:</h2>
IDE-Version: ¦ÌVision V5.21.1.0
Copyright (C) 2016 ARM Ltd and ARM Germany GmbH. All rights reserved.
License Information: NE NERanger, NE, LIC=Y2BRA-106J1-QGU7I-TV3YR-C0LQ3-U8NM5
 
Tool Versions:
Toolchain:       MDK-ARM Professional  Version: 5.21a
Toolchain Path:  C:\Keil_v5\ARM\ARMCC\Bin
C Compiler:      Armcc.exe V5.06 update 3 (build 300)
Assembler:       Armasm.exe V5.06 update 3 (build 300)
Linker/Locator:  ArmLink.exe V5.06 update 3 (build 300)
Library Manager: ArmAr.exe V5.06 update 3 (build 300)
Hex Converter:   FromElf.exe V5.06 update 3 (build 300)
CPU DLL:         SARMCM3.DLL V5.21a
Dialog DLL:      DCM.DLL V1.13.8.0
Target DLL:      STLink\ST-LINKIII-KEIL_SWO.dll V2.0.18.0
Dialog DLL:      TCM.DLL V1.14.14.0
 
<h2>Project:</h2>
E:\Learning\Robot\2019RM_Match\Guardian\standard\Project\standard.uvprojx
Project File Date:  04/20/2019

<h2>Output:</h2>
*** Using Compiler 'V5.06 update 3 (build 300)', folder: 'C:\Keil_v5\ARM\ARMCC\Bin'
Build target 'standard'
compiling calibrate_task.c...
compiling chassis_behaviour.c...
compiling chassis_task.c...
compiling gimbal_behaviour.c...
compiling gimbal_task.c...
..\user\APP\gimbal_task\gimbal_task.c(889): warning:  #177-D: variable "tmp" was declared but never referenced
    int16_t tmp = 0;
..\user\APP\gimbal_task\gimbal_task.c: 1 warning, 0 errors
compiling start_task.c...
compiling shoot.c...
linking...
Program Size: Code=53272 RO-data=2784 RW-data=652 ZI-data=136876  
FromELF: creating hex file...
".\Objects\infantry.axf" - 0 Error(s), 1 Warning(s).

<h2>Collection of Component include folders:</h2>
  E:\Learning\Robot\2019RM_Match\Guardian\standard\Project\RTE
  C:\Keil_v5\ARM\PACK\Keil\STM32F4xx_DFP\2.11.0\Drivers\CMSIS\Device\ST\STM32F4xx\Include

<h2>Collection of Component Files used:</h2>
Build Time Elapsed:  00:00:05
</pre>
</body>
</html>
